type,client,tx,amount
deposit,1,1,5.1234
deposit,2,3,3.0000
dispute,1,1,

dispute,1,1,
dispute,1,99,
withdrawal,2,4,2.0000

resolve,1,1,
resolve,2,3,
foo,42,42,42
withdrawal,1,2,1.1234
withdrawal,1,6,10.0000

dispute,2,4,

chargeback,2,4,
deposit,2,7,1.0000
