type,client,tx,amount
deposit,1,1,5.1234

deposit,2,3,3.0000
dispute,1,1,
withdrawal,2,4,2.0000
resolve,1,1,

withdrawal,1,2,1.1234
dispute,2,4,
chargeback,2,4,
